// Jest Snapshot v1, https://goo.gl/fbAQLP

exports[`dl-ui-icon renders correctly 1`] = `<!---->`;
